  
  C:\H-AMR_danat\HAMR\HAMR_GPU>"C:\Program Files\NVIDIA GPU Computing Toolkit\CUDA\v10.0\bin\nvcc.exe" -ccbin "C:\Program Files (x86)\Microsoft Visual Studio 12.0\VC\bin\x86_amd64" -x cu  -I"C:\Program Files\NVIDIA GPU Computing Toolkit\CUDA\v10.0\include" -I"C:\Program Files\NVIDIA GPU Computing Toolkit\CUDA\v10.0\include"     --keep-dir x64\Release -maxrregcount=255  --machine 64 --compile  --ptxas-options=-dlcm=ca     -DWIN32 -DWIN64 -DNDEBUG -D_CONSOLE -D_MBCS -Xcompiler "/EHsc /W3 /nologo /Od  /FS /Zi  /MD " -o x64\Release\GPU_boundcomE.cu.obj "C:\H-AMR_danat\GPU_boundcomE.cu" -clean 
  GPU_boundcomE.cu
  
  C:\H-AMR_danat\HAMR\HAMR_GPU>"C:\Program Files\NVIDIA GPU Computing Toolkit\CUDA\v10.0\bin\nvcc.exe" -ccbin "C:\Program Files (x86)\Microsoft Visual Studio 12.0\VC\bin\x86_amd64" -x cu  -I"C:\Program Files\NVIDIA GPU Computing Toolkit\CUDA\v10.0\include" -I"C:\Program Files\NVIDIA GPU Computing Toolkit\CUDA\v10.0\include"     --keep-dir x64\Release -maxrregcount=255  --machine 64 --compile  --ptxas-options=-dlcm=ca     -DWIN32 -DWIN64 -DNDEBUG -D_CONSOLE -D_MBCS -Xcompiler "/EHsc /W3 /nologo /Od  /FS /Zi  /MD " -o x64\Release\GPU_boundcomF.cu.obj "C:\H-AMR_danat\GPU_boundcomF.cu" -clean 
  GPU_boundcomF.cu
  
  C:\H-AMR_danat\HAMR\HAMR_GPU>"C:\Program Files\NVIDIA GPU Computing Toolkit\CUDA\v10.0\bin\nvcc.exe" -ccbin "C:\Program Files (x86)\Microsoft Visual Studio 12.0\VC\bin\x86_amd64" -x cu  -I"C:\Program Files\NVIDIA GPU Computing Toolkit\CUDA\v10.0\include" -I"C:\Program Files\NVIDIA GPU Computing Toolkit\CUDA\v10.0\include"     --keep-dir x64\Release -maxrregcount=255  --machine 64 --compile  --ptxas-options=-dlcm=ca     -DWIN32 -DWIN64 -DNDEBUG -D_CONSOLE -D_MBCS -Xcompiler "/EHsc /W3 /nologo /Od  /FS /Zi  /MD " -o x64\Release\GPU_boundcomP.cu.obj "C:\H-AMR_danat\GPU_boundcomP.cu" -clean 
  GPU_boundcomP.cu
  
  C:\H-AMR_danat\HAMR\HAMR_GPU>"C:\Program Files\NVIDIA GPU Computing Toolkit\CUDA\v10.0\bin\nvcc.exe" -ccbin "C:\Program Files (x86)\Microsoft Visual Studio 12.0\VC\bin\x86_amd64" -x cu  -I"C:\Program Files\NVIDIA GPU Computing Toolkit\CUDA\v10.0\include" -I"C:\Program Files\NVIDIA GPU Computing Toolkit\CUDA\v10.0\include"     --keep-dir x64\Release -maxrregcount=255  --machine 64 --compile  --ptxas-options=-dlcm=ca     -DWIN32 -DWIN64 -DNDEBUG -D_CONSOLE -D_MBCS -Xcompiler "/EHsc /W3 /nologo /Od  /FS /Zi  /MD " -o x64\Release\GPU_main.cu.obj "C:\H-AMR_danat\GPU_main.cu" -clean 
  GPU_main.cu
  
  C:\H-AMR_danat\HAMR\HAMR_GPU>"C:\Program Files\NVIDIA GPU Computing Toolkit\CUDA\v10.0\bin\nvcc.exe" -ccbin "C:\Program Files (x86)\Microsoft Visual Studio 12.0\VC\bin\x86_amd64" -x cu  -I"C:\Program Files\NVIDIA GPU Computing Toolkit\CUDA\v10.0\include" -I"C:\Program Files\NVIDIA GPU Computing Toolkit\CUDA\v10.0\include"     --keep-dir x64\Release -maxrregcount=255  --machine 64 --compile  --ptxas-options=-dlcm=ca     -DWIN32 -DWIN64 -DNDEBUG -D_CONSOLE -D_MBCS -Xcompiler "/EHsc /W3 /nologo /Od  /FS /Zi  /MD " -o x64\Release\GPU_program1.cu.obj "C:\H-AMR_danat\GPU_program1.cu" -clean 
  GPU_program1.cu
  
  C:\H-AMR_danat\HAMR\HAMR_GPU>"C:\Program Files\NVIDIA GPU Computing Toolkit\CUDA\v10.0\bin\nvcc.exe" -ccbin "C:\Program Files (x86)\Microsoft Visual Studio 12.0\VC\bin\x86_amd64" -x cu  -I"C:\Program Files\NVIDIA GPU Computing Toolkit\CUDA\v10.0\include" -I"C:\Program Files\NVIDIA GPU Computing Toolkit\CUDA\v10.0\include"     --keep-dir x64\Release -maxrregcount=255  --machine 64 --compile  --ptxas-options=-dlcm=ca     -DWIN32 -DWIN64 -DNDEBUG -D_CONSOLE -D_MBCS -Xcompiler "/EHsc /W3 /nologo /Od  /FS /Zi  /MD " -o x64\Release\GPU_program2.cu.obj "C:\H-AMR_danat\GPU_program2.cu" -clean 
  GPU_program2.cu
  Compiling CUDA source file ..\..\GPU_boundcomE.cu...
  Compiling CUDA source file ..\..\GPU_boundcomF.cu...
  
  C:\H-AMR_danat\HAMR\HAMR_GPU>"C:\Program Files\NVIDIA GPU Computing Toolkit\CUDA\v10.0\bin\nvcc.exe" -gencode=arch=compute_70,code=\"sm_70,compute_70\" --use-local-env -ccbin "C:\Program Files (x86)\Microsoft Visual Studio 12.0\VC\bin\x86_amd64" -x cu  -I"C:\Program Files\NVIDIA GPU Computing Toolkit\CUDA\v10.0\include" -I"C:\Program Files\NVIDIA GPU Computing Toolkit\CUDA\v10.0\include"     --keep-dir x64\Release -maxrregcount=255  --machine 64 --compile -cudart static --ptxas-options=-dlcm=ca    -DWIN32 -DWIN64 -DNDEBUG -D_CONSOLE -D_MBCS -Xcompiler "/EHsc /W3 /nologo /Od /Fdx64\Release\vc120.pdb /FS /Zi  /MD " -o x64\Release\GPU_boundcomE.cu.obj "C:\H-AMR_danat\GPU_boundcomE.cu" 
  
  C:\H-AMR_danat\HAMR\HAMR_GPU>"C:\Program Files\NVIDIA GPU Computing Toolkit\CUDA\v10.0\bin\nvcc.exe" -gencode=arch=compute_70,code=\"sm_70,compute_70\" --use-local-env -ccbin "C:\Program Files (x86)\Microsoft Visual Studio 12.0\VC\bin\x86_amd64" -x cu  -I"C:\Program Files\NVIDIA GPU Computing Toolkit\CUDA\v10.0\include" -I"C:\Program Files\NVIDIA GPU Computing Toolkit\CUDA\v10.0\include"     --keep-dir x64\Release -maxrregcount=255  --machine 64 --compile -cudart static --ptxas-options=-dlcm=ca    -DWIN32 -DWIN64 -DNDEBUG -D_CONSOLE -D_MBCS -Xcompiler "/EHsc /W3 /nologo /Od /Fdx64\Release\vc120.pdb /FS /Zi  /MD " -o x64\Release\GPU_boundcomF.cu.obj "C:\H-AMR_danat\GPU_boundcomF.cu" 
  Compiling CUDA source file ..\..\GPU_boundcomP.cu...
  Compiling CUDA source file ..\..\GPU_main.cu...
  Compiling CUDA source file ..\..\GPU_program1.cu...
  Compiling CUDA source file ..\..\GPU_program2.cu...
  
  
  C:\H-AMR_danat\HAMR\HAMR_GPU>"C:\Program Files\NVIDIA GPU Computing Toolkit\CUDA\v10.0\bin\nvcc.exe" -gencode=arch=compute_70,code=\"sm_70,compute_70\" --use-local-env -ccbin "C:\Program Files (x86)\Microsoft Visual Studio 12.0\VC\bin\x86_amd64" -x cu  -I"C:\Program Files\NVIDIA GPU Computing Toolkit\CUDA\v10.0\include" -I"C:\Program Files\NVIDIA GPU Computing Toolkit\CUDA\v10.0\include"     --keep-dir x64\Release -maxrregcount=255  --machine 64 --compile -cudart static --ptxas-options=-dlcm=ca    -DWIN32 -DWIN64 -DNDEBUG -D_CONSOLE -D_MBCS -Xcompiler "/EHsc /W3 /nologo /Od /Fdx64\Release\vc120.pdb /FS /Zi  /MD " -o x64\Release\GPU_program1.cu.obj "C:\H-AMR_danat\GPU_program1.cu" 
  
  C:\H-AMR_danat\HAMR\HAMR_GPU>"C:\Program Files\NVIDIA GPU Computing Toolkit\CUDA\v10.0\bin\nvcc.exe" -gencode=arch=compute_70,code=\"sm_70,compute_70\" --use-local-env -ccbin "C:\Program Files (x86)\Microsoft Visual Studio 12.0\VC\bin\x86_amd64" -x cu  -I"C:\Program Files\NVIDIA GPU Computing Toolkit\CUDA\v10.0\include" -I"C:\Program Files\NVIDIA GPU Computing Toolkit\CUDA\v10.0\include"     --keep-dir x64\Release -maxrregcount=255  --machine 64 --compile -cudart static --ptxas-options=-dlcm=ca    -DWIN32 -DWIN64 -DNDEBUG -D_CONSOLE -D_MBCS -Xcompiler "/EHsc /W3 /nologo /Od /Fdx64\Release\vc120.pdb /FS /Zi  /MD " -o x64\Release\GPU_boundcomP.cu.obj "C:\H-AMR_danat\GPU_boundcomP.cu" 
  C:\H-AMR_danat\HAMR\HAMR_GPU>"C:\Program Files\NVIDIA GPU Computing Toolkit\CUDA\v10.0\bin\nvcc.exe" -gencode=arch=compute_70,code=\"sm_70,compute_70\" --use-local-env -ccbin "C:\Program Files (x86)\Microsoft Visual Studio 12.0\VC\bin\x86_amd64" -x cu  -I"C:\Program Files\NVIDIA GPU Computing Toolkit\CUDA\v10.0\include" -I"C:\Program Files\NVIDIA GPU Computing Toolkit\CUDA\v10.0\include"     --keep-dir x64\Release -maxrregcount=255  --machine 64 --compile -cudart static --ptxas-options=-dlcm=ca    -DWIN32 -DWIN64 -DNDEBUG -D_CONSOLE -D_MBCS -Xcompiler "/EHsc /W3 /nologo /Od /Fdx64\Release\vc120.pdb /FS /Zi  /MD " -o x64\Release\GPU_main.cu.obj "C:\H-AMR_danat\GPU_main.cu" 
  
  C:\H-AMR_danat\HAMR\HAMR_GPU>"C:\Program Files\NVIDIA GPU Computing Toolkit\CUDA\v10.0\bin\nvcc.exe" -gencode=arch=compute_70,code=\"sm_70,compute_70\" --use-local-env -ccbin "C:\Program Files (x86)\Microsoft Visual Studio 12.0\VC\bin\x86_amd64" -x cu  -I"C:\Program Files\NVIDIA GPU Computing Toolkit\CUDA\v10.0\include" -I"C:\Program Files\NVIDIA GPU Computing Toolkit\CUDA\v10.0\include"     --keep-dir x64\Release -maxrregcount=255  --machine 64 --compile -cudart static --ptxas-options=-dlcm=ca    -DWIN32 -DWIN64 -DNDEBUG -D_CONSOLE -D_MBCS -Xcompiler "/EHsc /W3 /nologo /Od /Fdx64\Release\vc120.pdb /FS /Zi  /MD " -o x64\Release\GPU_program2.cu.obj "C:\H-AMR_danat\GPU_program2.cu" 
C:/H-AMR_danat/GPU_program1.cu(128): warning : variable "mintemp" was declared but never referenced
C:/H-AMR_danat/GPU_program1.cu(301): warning : variable "tmpvar2" was declared but never referenced
C:/H-AMR_danat/GPU_program1.cu(2865): warning : variable "j" was declared but never referenced
C:/H-AMR_danat/GPU_program1.cu(4795): warning : variable "GEN_1" was set but never used
C:/H-AMR_danat/GPU_program1.cu(4795): warning : variable "GEN_2" was set but never used
C:/H-AMR_danat/GPU_program1.cu(4795): warning : variable "GEN_3" was set but never used
C:/H-AMR_danat/GPU_program1.cu(4976): warning : variable "UGEN_2" was set but never used
C:/H-AMR_danat/GPU_main.cu(1288): warning : variable "i1" was declared but never referenced
C:/H-AMR_danat/GPU_main.cu(1288): warning : variable "j1" was declared but never referenced
C:/H-AMR_danat/GPU_program1.cu(4976): warning : variable "UGEN_3" was set but never used
C:/H-AMR_danat/GPU_program1.cu(5033): warning : variable "ptot_old" was set but never used
C:/H-AMR_danat/GPU_main.cu(1555): warning : variable "nr_workgroups_local" was set but never used
C:/H-AMR_danat/GPU_program1.cu(5033): warning : variable "de_dlptot" was declared but never referenced
C:/H-AMR_danat/GPU_program1.cu(5033): warning : variable "dlptot" was declared but never referenced
C:/H-AMR_danat/GPU_program1.cu(5033): warning : variable "lptot" was declared but never referenced
C:/H-AMR_danat/GPU_main.cu(2266): warning : variable "nr_workgroups_local" was declared but never referenced
C:/H-AMR_danat/GPU_program1.cu(5179): warning : variable "GEN_1" was set but never used
C:/H-AMR_danat/GPU_program1.cu(5179): warning : variable "UGEN_1" was set but never used
C:/H-AMR_danat/GPU_program1.cu(5179): warning : variable "UGEN_2" was set but never used
C:/H-AMR_danat/GPU_program1.cu(5179): warning : variable "UGEN_3" was set but never used
C:/H-AMR_danat/GPU_program1.cu(5179): warning : variable "BGEN_1" was set but never used
  GPU_boundcomE.cu
C:/H-AMR_danat/GPU_program1.cu(5179): warning : variable "BGEN_2" was set but never used
C:/H-AMR_danat/GPU_program1.cu(5179): warning : variable "BGEN_3" was set but never used
C:/H-AMR_danat/GPU_program1.cu(5235): warning : variable "error" was declared but never referenced
C:/H-AMR_danat/GPU_program1.cu(5236): warning : variable "Y_l" was declared but never referenced
C:/H-AMR_danat/GPU_program1.cu(5236): warning : variable "Y_r" was declared but never referenced
C:/H-AMR_danat/GPU_program1.cu(5236): warning : variable "B_hat" was declared but never referenced
  GPU_boundcomF.cu
  GPU_boundcomP.cu
  GPU_main.cu
C:/H-AMR_danat/GPU_main.cu(1288): warning C4101: 'i1' : unreferenced local variable
C:/H-AMR_danat/GPU_main.cu(1288): warning C4101: 'j1' : unreferenced local variable
C:/H-AMR_danat/GPU_main.cu(2100): warning C4244: '=' : conversion from 'double' to 'clock_t', possible loss of data
C:/H-AMR_danat/GPU_main.cu(2202): warning C4244: '=' : conversion from 'double' to 'clock_t', possible loss of data
C:/H-AMR_danat/GPU_main.cu(2266): warning C4101: 'nr_workgroups_local' : unreferenced local variable
  GPU_program1.cu
  GPU_program2.cu
  HAMR_GPU.vcxproj -> C:\H-AMR_danat\HAMR\x64\Release\HAMR_GPU.lib
