c:\h-amr_danat\hamr\hamr_cpu\x64\release\amr.optrpt
c:\h-amr_danat\hamr\hamr_cpu\x64\release\amr.obj
c:\h-amr_danat\hamr\hamr_cpu\x64\release\coord.optrpt
c:\h-amr_danat\hamr\hamr_cpu\x64\release\coord.obj
c:\h-amr_danat\hamr\hamr_cpu\x64\release\interp.optrpt
c:\h-amr_danat\hamr\hamr_cpu\x64\release\interp.obj
c:\h-amr_danat\hamr\hamr_cpu\x64\release\u2p_util.optrpt
c:\h-amr_danat\hamr\hamr_cpu\x64\release\u2p_util.obj
c:\h-amr_danat\hamr\hamr_cpu\x64\release\init.optrpt
c:\h-amr_danat\hamr\hamr_cpu\x64\release\init.obj
c:\h-amr_danat\hamr\hamr_cpu\x64\release\eos_helm.optrpt
c:\h-amr_danat\hamr\hamr_cpu\x64\release\eos_helm.obj
c:\h-amr_danat\hamr\hamr_cpu\x64\release\utoprim_1dfix1.optrpt
c:\h-amr_danat\hamr\hamr_cpu\x64\release\utoprim_1dfix1.obj
c:\h-amr_danat\hamr\hamr_cpu\x64\release\metric.optrpt
c:\h-amr_danat\hamr\hamr_cpu\x64\release\metric.obj
c:\h-amr_danat\hamr\hamr_cpu\x64\release\bounds.optrpt
c:\h-amr_danat\hamr\hamr_cpu\x64\release\bounds.obj
c:\h-amr_danat\hamr\hamr_cpu\x64\release\las.optrpt
c:\h-amr_danat\hamr\hamr_cpu\x64\release\las.obj
c:\h-amr_danat\hamr\hamr_cpu\x64\release\utoprim_1dvsq2fix1.optrpt
c:\h-amr_danat\hamr\hamr_cpu\x64\release\utoprim_1dvsq2fix1.obj
c:\h-amr_danat\hamr\hamr_cpu\x64\release\boundcomf.optrpt
c:\h-amr_danat\hamr\hamr_cpu\x64\release\boundcomf.obj
c:\h-amr_danat\hamr\hamr_cpu\x64\release\fixup.optrpt
c:\h-amr_danat\hamr\hamr_cpu\x64\release\fixup.obj
c:\h-amr_danat\hamr\hamr_cpu\x64\release\nuclear.optrpt
c:\h-amr_danat\hamr\hamr_cpu\x64\release\nuclear.obj
c:\h-amr_danat\hamr\hamr_cpu\x64\release\boundcome.optrpt
c:\h-amr_danat\hamr\hamr_cpu\x64\release\boundcome.obj
c:\h-amr_danat\hamr\hamr_cpu\x64\release\main.optrpt
c:\h-amr_danat\hamr\hamr_cpu\x64\release\main.obj
c:\h-amr_danat\hamr\hamr_cpu\x64\release\step_ch.optrpt
c:\h-amr_danat\hamr\hamr_cpu\x64\release\step_ch.obj
c:\h-amr_danat\hamr\hamr_cpu\x64\release\boundcomb.optrpt
c:\h-amr_danat\hamr\hamr_cpu\x64\release\boundcomb.obj
c:\h-amr_danat\hamr\hamr_cpu\x64\release\diag.optrpt
c:\h-amr_danat\hamr\hamr_cpu\x64\release\diag.obj
c:\h-amr_danat\hamr\hamr_cpu\x64\release\hllc.optrpt
c:\h-amr_danat\hamr\hamr_cpu\x64\release\hllc.obj
c:\h-amr_danat\hamr\hamr_cpu\x64\release\ranc.optrpt
c:\h-amr_danat\hamr\hamr_cpu\x64\release\ranc.obj
c:\h-amr_danat\hamr\hamr_cpu\x64\release\utoprim_2d.optrpt
c:\h-amr_danat\hamr\hamr_cpu\x64\release\utoprim_2d.obj
c:\h-amr_danat\hamr\hamr_cpu\x64\release\const_trans.optrpt
c:\h-amr_danat\hamr\hamr_cpu\x64\release\const_trans.obj
c:\h-amr_danat\hamr\hamr_cpu\x64\release\particles.optrpt
c:\h-amr_danat\hamr\hamr_cpu\x64\release\particles.obj
c:\h-amr_danat\hamr\hamr_cpu\x64\release\dump.optrpt
c:\h-amr_danat\hamr\hamr_cpu\x64\release\dump.obj
c:\h-amr_danat\hamr\hamr_cpu\x64\release\phys.optrpt
c:\h-amr_danat\hamr\hamr_cpu\x64\release\phys.obj
c:\h-amr_danat\hamr\hamr_cpu\x64\release\lu.optrpt
c:\h-amr_danat\hamr\hamr_cpu\x64\release\lu.obj
c:\h-amr_danat\hamr\hamr_cpu\x64\release\boundcomp.optrpt
c:\h-amr_danat\hamr\hamr_cpu\x64\release\boundcomp.obj
c:\h-amr_danat\hamr\hamr_cpu\x64\release\restart.optrpt
c:\h-amr_danat\hamr\hamr_cpu\x64\release\restart.obj
c:\users\danat\appdata\local\temp\lnk{7dfe31d1-5837-40c1-b39e-740e76ea69b9}.tmp
c:\h-amr_danat\hamr\x64\release\hamr_cpu.exe
c:\h-amr_danat\hamr\x64\release\ipo_out.optrpt
c:\h-amr_danat\hamr\hamr_cpu\x64\release\hamr_cpu.tlog\icl-mcpcom.14920.read.1.tlog
c:\h-amr_danat\hamr\hamr_cpu\x64\release\hamr_cpu.tlog\icl-mcpcom.14920.write.1.tlog
c:\h-amr_danat\hamr\hamr_cpu\x64\release\hamr_cpu.tlog\icl-mcpcom.19856.read.1.tlog
c:\h-amr_danat\hamr\hamr_cpu\x64\release\hamr_cpu.tlog\icl-mcpcom.19856.write.1.tlog
c:\h-amr_danat\hamr\hamr_cpu\x64\release\hamr_cpu.tlog\icl-mcpcom.29744.read.1.tlog
c:\h-amr_danat\hamr\hamr_cpu\x64\release\hamr_cpu.tlog\icl-mcpcom.29744.write.1.tlog
c:\h-amr_danat\hamr\hamr_cpu\x64\release\hamr_cpu.tlog\icl-mcpcom.30704.read.1.tlog
c:\h-amr_danat\hamr\hamr_cpu\x64\release\hamr_cpu.tlog\icl-mcpcom.30704.write.1.tlog
c:\h-amr_danat\hamr\hamr_cpu\x64\release\hamr_cpu.tlog\icl-mcpcom.32256.read.1.tlog
c:\h-amr_danat\hamr\hamr_cpu\x64\release\hamr_cpu.tlog\icl-mcpcom.32256.write.1.tlog
c:\h-amr_danat\hamr\hamr_cpu\x64\release\hamr_cpu.tlog\icl-mcpcom.35128.read.1.tlog
c:\h-amr_danat\hamr\hamr_cpu\x64\release\hamr_cpu.tlog\icl-mcpcom.35128.write.1.tlog
c:\h-amr_danat\hamr\hamr_cpu\x64\release\hamr_cpu.tlog\icl-mcpcom.35732.read.1.tlog
c:\h-amr_danat\hamr\hamr_cpu\x64\release\hamr_cpu.tlog\icl-mcpcom.35732.write.1.tlog
c:\h-amr_danat\hamr\hamr_cpu\x64\release\hamr_cpu.tlog\icl-mcpcom.37912.read.1.tlog
c:\h-amr_danat\hamr\hamr_cpu\x64\release\hamr_cpu.tlog\icl-mcpcom.37912.write.1.tlog
c:\h-amr_danat\hamr\hamr_cpu\x64\release\hamr_cpu.tlog\icl-mcpcom.4020.read.1.tlog
c:\h-amr_danat\hamr\hamr_cpu\x64\release\hamr_cpu.tlog\icl-mcpcom.4020.write.1.tlog
c:\h-amr_danat\hamr\hamr_cpu\x64\release\hamr_cpu.tlog\icl-mcpcom.41548.read.1.tlog
c:\h-amr_danat\hamr\hamr_cpu\x64\release\hamr_cpu.tlog\icl-mcpcom.41548.write.1.tlog
c:\h-amr_danat\hamr\hamr_cpu\x64\release\hamr_cpu.tlog\icl-mcpcom.43612.read.1.tlog
c:\h-amr_danat\hamr\hamr_cpu\x64\release\hamr_cpu.tlog\icl-mcpcom.43612.write.1.tlog
c:\h-amr_danat\hamr\hamr_cpu\x64\release\hamr_cpu.tlog\icl-mcpcom.6512.read.1.tlog
c:\h-amr_danat\hamr\hamr_cpu\x64\release\hamr_cpu.tlog\icl-mcpcom.6512.write.1.tlog
c:\h-amr_danat\hamr\hamr_cpu\x64\release\hamr_cpu.tlog\icl-mcpcom.read.1.tlog
c:\h-amr_danat\hamr\hamr_cpu\x64\release\hamr_cpu.tlog\icl-mcpcom.write.1.tlog
c:\h-amr_danat\hamr\hamr_cpu\x64\release\hamr_cpu.tlog\icl-mcpcom.write.2.tlog
c:\h-amr_danat\hamr\hamr_cpu\x64\release\hamr_cpu.tlog\icl.command.1.tlog
c:\h-amr_danat\hamr\hamr_cpu\x64\release\hamr_cpu.tlog\icl.read.1.tlog
c:\h-amr_danat\hamr\hamr_cpu\x64\release\hamr_cpu.tlog\icl.write.1.tlog
c:\h-amr_danat\hamr\hamr_cpu\x64\release\hamr_cpu.tlog\xilink-link-cvtres.read.1.tlog
c:\h-amr_danat\hamr\hamr_cpu\x64\release\hamr_cpu.tlog\xilink-link-cvtres.write.1.tlog
c:\h-amr_danat\hamr\hamr_cpu\x64\release\hamr_cpu.tlog\xilink-link-rc.read.1.tlog
c:\h-amr_danat\hamr\hamr_cpu\x64\release\hamr_cpu.tlog\xilink-link-rc.write.1.tlog
c:\h-amr_danat\hamr\hamr_cpu\x64\release\hamr_cpu.tlog\xilink-link.read.1.tlog
c:\h-amr_danat\hamr\hamr_cpu\x64\release\hamr_cpu.tlog\xilink-link.write.1.tlog
c:\h-amr_danat\hamr\hamr_cpu\x64\release\hamr_cpu.tlog\xilink-mcpcom.read.1.tlog
c:\h-amr_danat\hamr\hamr_cpu\x64\release\hamr_cpu.tlog\xilink-mcpcom.write.1.tlog
c:\h-amr_danat\hamr\hamr_cpu\x64\release\hamr_cpu.tlog\xilink.command.1.tlog
c:\h-amr_danat\hamr\hamr_cpu\x64\release\hamr_cpu.tlog\xilink.read.1.tlog
c:\h-amr_danat\hamr\hamr_cpu\x64\release\hamr_cpu.tlog\xilink.write.1.tlog
